{
  "data": [
    {
      "line": {
        "color": "black"
      },
      "mode": "lines",
      "name": "black",
      "x": [
        19988.959742,
        19988.959742,
        19988.959742,
        19989.963097,
        19989.963097,
        19989.963097,
        19990.966452,
        19990.966452,
        19990.966452,
        19991.969806,
        19991.969806,
        19991.969806,
        19992.973161,
        19992.973161,
        19992.973161,
        19993.976516,
        19993.976516,
        19993.976516,
        19994.979871,
        19994.979871,
        19994.979871,
        19995.983226,
        19995.983226,
        19995.983226,
        19996.986581,
        19996.986581,
        19996.986581,
        19997.989935,
        19997.989935,
        19997.989935,
        19998.99329,
        19998.99329,
        19998.99329,
        19999.996645,
        19999.996645,
        19999.996645,
        20002.003355,
        20002.003355,
        20002.003355,
        20003.00671,
        20003.00671,
        20003.00671
      ],
      "y": [
        0.0,
        8e-06,
        0.0,
        0.0,
        9.1e-05,
        0.0,
        0.0,
        0.000502,
        0.0,
        0.0,
        0.001865,
        0.0,
        0.0,
        0.005267,
        0.0,
        0.0,
        0.012056,
        0.0,
        0.0,
        0.023279,
        0.0,
        0.0,
        0.03898,
        0.0,
        0.0,
        0.057763,
        0.0,
        0.0,
        0.076919,
        0.0,
        0.0,
        0.09316,
        0.0,
        0.0,
        0.103618,
        0.0,
        0.0,
        0.102367,
        0.0,
        0.0,
        0.092046,
        0.0
      ],
      "type": "scatter",
      "customdata": [
        [
          19988.959742,
          8e-06
        ],
        [
          19988.959742,
          8e-06
        ],
        [
          19988.959742,
          8e-06
        ],
        [
          19988.959742,
          8e-06
        ],
        [
          19988.959742,
          8e-06
        ],
        [
          19988.959742,
          8e-06
        ],
        [
          19988.959742,
          8e-06
        ],
        [
          19988.959742,
          8e-06
        ],
        [
          19988.959742,
          8e-06
        ],
        [
          19988.959742,
          8e-06
        ],
        [
          19988.959742,
          8e-06
        ],
        [
          19988.959742,
          8e-06
        ],
        [
          19988.959742,
          8e-06
        ],
        [
          19988.959742,
          8e-06
        ],
        [
          19988.959742,
          8e-06
        ],
        [
          19988.959742,
          8e-06
        ],
        [
          19988.959742,
          8e-06
        ],
        [
          19988.959742,
          8e-06
        ],
        [
          19988.959742,
          8e-06
        ],
        [
          19988.959742,
          8e-06
        ],
        [
          19988.959742,
          8e-06
        ],
        [
          19988.959742,
          8e-06
        ],
        [
          19988.959742,
          8e-06
        ],
        [
          19988.959742,
          8e-06
        ],
        [
          19988.959742,
          8e-06
        ],
        [
          19988.959742,
          8e-06
        ],
        [
          19988.959742,
          8e-06
        ],
        [
          19988.959742,
          8e-06
        ],
        [
          19988.959742,
          8e-06
        ],
        [
          19988.959742,
          8e-06
        ],
        [
          19988.959742,
          8e-06
        ],
        [
          19988.959742,
          8e-06
        ],
        [
          19988.959742,
          8e-06
        ],
        [
          19988.959742,
          8e-06
        ],
        [
          19988.959742,
          8e-06
        ],
        [
          19988.959742,
          8e-06
        ],
        [
          19988.959742,
          8e-06
        ],
        [
          19988.959742,
          8e-06
        ],
        [
          19988.959742,
          8e-06
        ],
        [
          19988.959742,
          8e-06
        ],
        [
          19988.959742,
          8e-06
        ],
        [
          19988.959742,
          8e-06
        ]
      ],
      "hovertemplate": "m\u002fz: %{customdata[0]}\u003cbr\u003eintensity: %{customdata[1]}"
    },
    {
      "line": {
        "color": "red"
      },
      "mode": "lines",
      "name": "red",
      "x": [
        20001.0,
        20001.0,
        20001.0
      ],
      "y": [
        0.0,
        0.106688,
        0.0
      ],
      "type": "scatter",
      "customdata": [
        [
          19989.963097,
          9.1e-05
        ],
        [
          19989.963097,
          9.1e-05
        ],
        [
          19989.963097,
          9.1e-05
        ]
      ],
      "hovertemplate": "m\u002fz: %{customdata[0]}\u003cbr\u003eintensity: %{customdata[1]}"
    }
  ],
  "layout": {
    "template": {
      "data": {
        "barpolar": [
          {
            "marker": {
              "line": {
                "color": "white",
                "width": 0.5
              },
              "pattern": {
                "fillmode": "overlay",
                "size": 10,
                "solidity": 0.2
              }
            },
            "type": "barpolar"
          }
        ],
        "bar": [
          {
            "error_x": {
              "color": "rgb(36,36,36)"
            },
            "error_y": {
              "color": "rgb(36,36,36)"
            },
            "marker": {
              "line": {
                "color": "white",
                "width": 0.5
              },
              "pattern": {
                "fillmode": "overlay",
                "size": 10,
                "solidity": 0.2
              }
            },
            "type": "bar"
          }
        ],
        "carpet": [
          {
            "aaxis": {
              "endlinecolor": "rgb(36,36,36)",
              "gridcolor": "white",
              "linecolor": "white",
              "minorgridcolor": "white",
              "startlinecolor": "rgb(36,36,36)"
            },
            "baxis": {
              "endlinecolor": "rgb(36,36,36)",
              "gridcolor": "white",
              "linecolor": "white",
              "minorgridcolor": "white",
              "startlinecolor": "rgb(36,36,36)"
            },
            "type": "carpet"
          }
        ],
        "choropleth": [
          {
            "colorbar": {
              "outlinewidth": 1,
              "tickcolor": "rgb(36,36,36)",
              "ticks": "outside"
            },
            "type": "choropleth"
          }
        ],
        "contourcarpet": [
          {
            "colorbar": {
              "outlinewidth": 1,
              "tickcolor": "rgb(36,36,36)",
              "ticks": "outside"
            },
            "type": "contourcarpet"
          }
        ],
        "contour": [
          {
            "colorbar": {
              "outlinewidth": 1,
              "tickcolor": "rgb(36,36,36)",
              "ticks": "outside"
            },
            "colorscale": [
              [
                0.0,
                "#440154"
              ],
              [
                0.1111111111111111,
                "#482878"
              ],
              [
                0.2222222222222222,
                "#3e4989"
              ],
              [
                0.3333333333333333,
                "#31688e"
              ],
              [
                0.4444444444444444,
                "#26828e"
              ],
              [
                0.5555555555555556,
                "#1f9e89"
              ],
              [
                0.6666666666666666,
                "#35b779"
              ],
              [
                0.7777777777777778,
                "#6ece58"
              ],
              [
                0.8888888888888888,
                "#b5de2b"
              ],
              [
                1.0,
                "#fde725"
              ]
            ],
            "type": "contour"
          }
        ],
        "heatmapgl": [
          {
            "colorbar": {
              "outlinewidth": 1,
              "tickcolor": "rgb(36,36,36)",
              "ticks": "outside"
            },
            "colorscale": [
              [
                0.0,
                "#440154"
              ],
              [
                0.1111111111111111,
                "#482878"
              ],
              [
                0.2222222222222222,
                "#3e4989"
              ],
              [
                0.3333333333333333,
                "#31688e"
              ],
              [
                0.4444444444444444,
                "#26828e"
              ],
              [
                0.5555555555555556,
                "#1f9e89"
              ],
              [
                0.6666666666666666,
                "#35b779"
              ],
              [
                0.7777777777777778,
                "#6ece58"
              ],
              [
                0.8888888888888888,
                "#b5de2b"
              ],
              [
                1.0,
                "#fde725"
              ]
            ],
            "type": "heatmapgl"
          }
        ],
        "heatmap": [
          {
            "colorbar": {
              "outlinewidth": 1,
              "tickcolor": "rgb(36,36,36)",
              "ticks": "outside"
            },
            "colorscale": [
              [
                0.0,
                "#440154"
              ],
              [
                0.1111111111111111,
                "#482878"
              ],
              [
                0.2222222222222222,
                "#3e4989"
              ],
              [
                0.3333333333333333,
                "#31688e"
              ],
              [
                0.4444444444444444,
                "#26828e"
              ],
              [
                0.5555555555555556,
                "#1f9e89"
              ],
              [
                0.6666666666666666,
                "#35b779"
              ],
              [
                0.7777777777777778,
                "#6ece58"
              ],
              [
                0.8888888888888888,
                "#b5de2b"
              ],
              [
                1.0,
                "#fde725"
              ]
            ],
            "type": "heatmap"
          }
        ],
        "histogram2dcontour": [
          {
            "colorbar": {
              "outlinewidth": 1,
              "tickcolor": "rgb(36,36,36)",
              "ticks": "outside"
            },
            "colorscale": [
              [
                0.0,
                "#440154"
              ],
              [
                0.1111111111111111,
                "#482878"
              ],
              [
                0.2222222222222222,
                "#3e4989"
              ],
              [
                0.3333333333333333,
                "#31688e"
              ],
              [
                0.4444444444444444,
                "#26828e"
              ],
              [
                0.5555555555555556,
                "#1f9e89"
              ],
              [
                0.6666666666666666,
                "#35b779"
              ],
              [
                0.7777777777777778,
                "#6ece58"
              ],
              [
                0.8888888888888888,
                "#b5de2b"
              ],
              [
                1.0,
                "#fde725"
              ]
            ],
            "type": "histogram2dcontour"
          }
        ],
        "histogram2d": [
          {
            "colorbar": {
              "outlinewidth": 1,
              "tickcolor": "rgb(36,36,36)",
              "ticks": "outside"
            },
            "colorscale": [
              [
                0.0,
                "#440154"
              ],
              [
                0.1111111111111111,
                "#482878"
              ],
              [
                0.2222222222222222,
                "#3e4989"
              ],
              [
                0.3333333333333333,
                "#31688e"
              ],
              [
                0.4444444444444444,
                "#26828e"
              ],
              [
                0.5555555555555556,
                "#1f9e89"
              ],
              [
                0.6666666666666666,
                "#35b779"
              ],
              [
                0.7777777777777778,
                "#6ece58"
              ],
              [
                0.8888888888888888,
                "#b5de2b"
              ],
              [
                1.0,
                "#fde725"
              ]
            ],
            "type": "histogram2d"
          }
        ],
        "histogram": [
          {
            "marker": {
              "line": {
                "color": "white",
                "width": 0.6
              }
            },
            "type": "histogram"
          }
        ],
        "mesh3d": [
          {
            "colorbar": {
              "outlinewidth": 1,
              "tickcolor": "rgb(36,36,36)",
              "ticks": "outside"
            },
            "type": "mesh3d"
          }
        ],
        "parcoords": [
          {
            "line": {
              "colorbar": {
                "outlinewidth": 1,
                "tickcolor": "rgb(36,36,36)",
                "ticks": "outside"
              }
            },
            "type": "parcoords"
          }
        ],
        "pie": [
          {
            "automargin": true,
            "type": "pie"
          }
        ],
        "scatter3d": [
          {
            "line": {
              "colorbar": {
                "outlinewidth": 1,
                "tickcolor": "rgb(36,36,36)",
                "ticks": "outside"
              }
            },
            "marker": {
              "colorbar": {
                "outlinewidth": 1,
                "tickcolor": "rgb(36,36,36)",
                "ticks": "outside"
              }
            },
            "type": "scatter3d"
          }
        ],
        "scattercarpet": [
          {
            "marker": {
              "colorbar": {
                "outlinewidth": 1,
                "tickcolor": "rgb(36,36,36)",
                "ticks": "outside"
              }
            },
            "type": "scattercarpet"
          }
        ],
        "scattergeo": [
          {
            "marker": {
              "colorbar": {
                "outlinewidth": 1,
                "tickcolor": "rgb(36,36,36)",
                "ticks": "outside"
              }
            },
            "type": "scattergeo"
          }
        ],
        "scattergl": [
          {
            "marker": {
              "colorbar": {
                "outlinewidth": 1,
                "tickcolor": "rgb(36,36,36)",
                "ticks": "outside"
              }
            },
            "type": "scattergl"
          }
        ],
        "scattermapbox": [
          {
            "marker": {
              "colorbar": {
                "outlinewidth": 1,
                "tickcolor": "rgb(36,36,36)",
                "ticks": "outside"
              }
            },
            "type": "scattermapbox"
          }
        ],
        "scatterpolargl": [
          {
            "marker": {
              "colorbar": {
                "outlinewidth": 1,
                "tickcolor": "rgb(36,36,36)",
                "ticks": "outside"
              }
            },
            "type": "scatterpolargl"
          }
        ],
        "scatterpolar": [
          {
            "marker": {
              "colorbar": {
                "outlinewidth": 1,
                "tickcolor": "rgb(36,36,36)",
                "ticks": "outside"
              }
            },
            "type": "scatterpolar"
          }
        ],
        "scatter": [
          {
            "fillpattern": {
              "fillmode": "overlay",
              "size": 10,
              "solidity": 0.2
            },
            "type": "scatter"
          }
        ],
        "scatterternary": [
          {
            "marker": {
              "colorbar": {
                "outlinewidth": 1,
                "tickcolor": "rgb(36,36,36)",
                "ticks": "outside"
              }
            },
            "type": "scatterternary"
          }
        ],
        "surface": [
          {
            "colorbar": {
              "outlinewidth": 1,
              "tickcolor": "rgb(36,36,36)",
              "ticks": "outside"
            },
            "colorscale": [
              [
                0.0,
                "#440154"
              ],
              [
                0.1111111111111111,
                "#482878"
              ],
              [
                0.2222222222222222,
                "#3e4989"
              ],
              [
                0.3333333333333333,
                "#31688e"
              ],
              [
                0.4444444444444444,
                "#26828e"
              ],
              [
                0.5555555555555556,
                "#1f9e89"
              ],
              [
                0.6666666666666666,
                "#35b779"
              ],
              [
                0.7777777777777778,
                "#6ece58"
              ],
              [
                0.8888888888888888,
                "#b5de2b"
              ],
              [
                1.0,
                "#fde725"
              ]
            ],
            "type": "surface"
          }
        ],
        "table": [
          {
            "cells": {
              "fill": {
                "color": "rgb(237,237,237)"
              },
              "line": {
                "color": "white"
              }
            },
            "header": {
              "fill": {
                "color": "rgb(217,217,217)"
              },
              "line": {
                "color": "white"
              }
            },
            "type": "table"
          }
        ]
      },
      "layout": {
        "annotationdefaults": {
          "arrowhead": 0,
          "arrowwidth": 1
        },
        "autotypenumbers": "strict",
        "coloraxis": {
          "colorbar": {
            "outlinewidth": 1,
            "tickcolor": "rgb(36,36,36)",
            "ticks": "outside"
          }
        },
        "colorscale": {
          "diverging": [
            [
              0.0,
              "rgb(103,0,31)"
            ],
            [
              0.1,
              "rgb(178,24,43)"
            ],
            [
              0.2,
              "rgb(214,96,77)"
            ],
            [
              0.3,
              "rgb(244,165,130)"
            ],
            [
              0.4,
              "rgb(253,219,199)"
            ],
            [
              0.5,
              "rgb(247,247,247)"
            ],
            [
              0.6,
              "rgb(209,229,240)"
            ],
            [
              0.7,
              "rgb(146,197,222)"
            ],
            [
              0.8,
              "rgb(67,147,195)"
            ],
            [
              0.9,
              "rgb(33,102,172)"
            ],
            [
              1.0,
              "rgb(5,48,97)"
            ]
          ],
          "sequential": [
            [
              0.0,
              "#440154"
            ],
            [
              0.1111111111111111,
              "#482878"
            ],
            [
              0.2222222222222222,
              "#3e4989"
            ],
            [
              0.3333333333333333,
              "#31688e"
            ],
            [
              0.4444444444444444,
              "#26828e"
            ],
            [
              0.5555555555555556,
              "#1f9e89"
            ],
            [
              0.6666666666666666,
              "#35b779"
            ],
            [
              0.7777777777777778,
              "#6ece58"
            ],
            [
              0.8888888888888888,
              "#b5de2b"
            ],
            [
              1.0,
              "#fde725"
            ]
          ],
          "sequentialminus": [
            [
              0.0,
              "#440154"
            ],
            [
              0.1111111111111111,
              "#482878"
            ],
            [
              0.2222222222222222,
              "#3e4989"
            ],
            [
              0.3333333333333333,
              "#31688e"
            ],
            [
              0.4444444444444444,
              "#26828e"
            ],
            [
              0.5555555555555556,
              "#1f9e89"
            ],
            [
              0.6666666666666666,
              "#35b779"
            ],
            [
              0.7777777777777778,
              "#6ece58"
            ],
            [
              0.8888888888888888,
              "#b5de2b"
            ],
            [
              1.0,
              "#fde725"
            ]
          ]
        },
        "colorway": [
          "#1F77B4",
          "#FF7F0E",
          "#2CA02C",
          "#D62728",
          "#9467BD",
          "#8C564B",
          "#E377C2",
          "#7F7F7F",
          "#BCBD22",
          "#17BECF"
        ],
        "font": {
          "color": "rgb(36,36,36)"
        },
        "geo": {
          "bgcolor": "white",
          "lakecolor": "white",
          "landcolor": "white",
          "showlakes": true,
          "showland": true,
          "subunitcolor": "white"
        },
        "hoverlabel": {
          "align": "left"
        },
        "hovermode": "closest",
        "mapbox": {
          "style": "light"
        },
        "paper_bgcolor": "white",
        "plot_bgcolor": "white",
        "polar": {
          "angularaxis": {
            "gridcolor": "rgb(232,232,232)",
            "linecolor": "rgb(36,36,36)",
            "showgrid": false,
            "showline": true,
            "ticks": "outside"
          },
          "bgcolor": "white",
          "radialaxis": {
            "gridcolor": "rgb(232,232,232)",
            "linecolor": "rgb(36,36,36)",
            "showgrid": false,
            "showline": true,
            "ticks": "outside"
          }
        },
        "scene": {
          "xaxis": {
            "backgroundcolor": "white",
            "gridcolor": "rgb(232,232,232)",
            "gridwidth": 2,
            "linecolor": "rgb(36,36,36)",
            "showbackground": true,
            "showgrid": false,
            "showline": true,
            "ticks": "outside",
            "zeroline": false,
            "zerolinecolor": "rgb(36,36,36)"
          },
          "yaxis": {
            "backgroundcolor": "white",
            "gridcolor": "rgb(232,232,232)",
            "gridwidth": 2,
            "linecolor": "rgb(36,36,36)",
            "showbackground": true,
            "showgrid": false,
            "showline": true,
            "ticks": "outside",
            "zeroline": false,
            "zerolinecolor": "rgb(36,36,36)"
          },
          "zaxis": {
            "backgroundcolor": "white",
            "gridcolor": "rgb(232,232,232)",
            "gridwidth": 2,
            "linecolor": "rgb(36,36,36)",
            "showbackground": true,
            "showgrid": false,
            "showline": true,
            "ticks": "outside",
            "zeroline": false,
            "zerolinecolor": "rgb(36,36,36)"
          }
        },
        "shapedefaults": {
          "fillcolor": "black",
          "line": {
            "width": 0
          },
          "opacity": 0.3
        },
        "ternary": {
          "aaxis": {
            "gridcolor": "rgb(232,232,232)",
            "linecolor": "rgb(36,36,36)",
            "showgrid": false,
            "showline": true,
            "ticks": "outside"
          },
          "baxis": {
            "gridcolor": "rgb(232,232,232)",
            "linecolor": "rgb(36,36,36)",
            "showgrid": false,
            "showline": true,
            "ticks": "outside"
          },
          "bgcolor": "white",
          "caxis": {
            "gridcolor": "rgb(232,232,232)",
            "linecolor": "rgb(36,36,36)",
            "showgrid": false,
            "showline": true,
            "ticks": "outside"
          }
        },
        "title": {
          "x": 0.05
        },
        "xaxis": {
          "automargin": true,
          "gridcolor": "rgb(232,232,232)",
          "linecolor": "rgb(36,36,36)",
          "showgrid": false,
          "showline": true,
          "ticks": "outside",
          "title": {
            "standoff": 15
          },
          "zeroline": false,
          "zerolinecolor": "rgb(36,36,36)"
        },
        "yaxis": {
          "automargin": true,
          "gridcolor": "rgb(232,232,232)",
          "linecolor": "rgb(36,36,36)",
          "showgrid": false,
          "showline": true,
          "ticks": "outside",
          "title": {
            "standoff": 15
          },
          "zeroline": false,
          "zerolinecolor": "rgb(36,36,36)"
        }
      }
    },
    "title": {
      "text": "Mass Spectrum",
      "font": {
        "family": "Helvetica",
        "size": 18
      }
    },
    "xaxis": {
      "title": {
        "text": "mass-to-charge",
        "font": {
          "family": "Helvetica",
          "size": 16
        }
      },
      "tickfont": {
        "size": 14,
        "family": "Helvetica"
      },
      "gridcolor": "#CCCCCC",
      "showgrid": true,
      "showline": true,
      "linewidth": 1,
      "linecolor": "black",
      "ticks": "outside",
      "tickwidth": 1,
      "tickcolor": "black",
      "range": [
        15991.1677936,
        24003.608052000003
      ]
    },
    "yaxis": {
      "title": {
        "text": "Intensity",
        "font": {
          "family": "Helvetica",
          "size": 16
        }
      },
      "tickfont": {
        "size": 14,
        "family": "Helvetica"
      },
      "gridcolor": "#CCCCCC",
      "showgrid": true,
      "showline": true,
      "linewidth": 1,
      "linecolor": "black",
      "tickwidth": 1,
      "tickcolor": "black",
      "range": [
        0,
        0.1226912
      ]
    },
    "width": 500,
    "height": 500,
    "dragmode": "select",
    "legend": {
      "font": {
        "size": 10,
        "family": "Helvetica"
      },
      "title": {
        "text": "Trace"
      }
    },
    "showlegend": true,
    "font": {
      "family": "Helvetica"
    },
    "plot_bgcolor": "#FFFFFF",
    "annotations": [
      {
        "font": {
          "color": "red",
          "family": "Open Sans Mono, monospace",
          "size": 12
        },
        "showarrow": false,
        "text": "20001.0",
        "x": 20001.0,
        "xanchor": "left",
        "y": 0.106688
      }
    ],
    "shapes": [
      {
        "line": {
          "color": "#EEEEEE",
          "width": 2
        },
        "opacity": 1,
        "type": "line",
        "x0": 0,
        "x1": 1,
        "xref": "x domain",
        "y0": 0,
        "y1": 0,
        "yref": "y"
      }
    ]
  }
}