<!DOCTYPE html>
<html lang="en">
  <head>
    <meta charset="utf-8">
    <title>Bokeh Application</title>
    <style>
      html, body {
        box-sizing: border-box;
        display: flow-root;
        height: 100%;
        margin: 0;
        padding: 0;
      }
    </style>
    <script type="text/javascript" src="https://cdn.bokeh.org/bokeh/release/bokeh-3.6.0.min.js"></script>
    <script type="text/javascript">
        Bokeh.set_log_level("info");
    </script>
  </head>
  <body>
    <div id="dd3659b9-a7e1-4fa3-b8b6-218045147864" data-root-id="p1394" style="display: contents;"></div>
  
    <script type="application/json" id="c8bf30e6-457f-4010-a596-a293d246c23d">
      {"fb509994-098a-4a7c-b982-2d354345d218":{"version":"3.6.0","title":"Bokeh Application","roots":[{"type":"object","name":"Figure","id":"p1394","attributes":{"width":500,"height":500,"x_range":{"type":"object","name":"Range1d","id":"p1458","attributes":{"start":15991.1677936,"end":24003.608052000003}},"y_range":{"type":"object","name":"Range1d","id":"p1459","attributes":{"end":0.1226912}},"x_scale":{"type":"object","name":"LinearScale","id":"p1404"},"y_scale":{"type":"object","name":"LinearScale","id":"p1405"},"title":{"type":"object","name":"Title","id":"p1397","attributes":{"text":"Mass Spectrum","text_font_size":"18pt"}},"renderers":[{"type":"object","name":"GlyphRenderer","id":"p1438","attributes":{"data_source":{"type":"object","name":"ColumnDataSource","id":"p1429","attributes":{"selected":{"type":"object","name":"Selection","id":"p1430","attributes":{"indices":[],"line_indices":[]}},"selection_policy":{"type":"object","name":"UnionRenderers","id":"p1431"},"data":{"type":"map","entries":[["index",{"type":"ndarray","array":{"type":"bytes","data":"AAAAAAAAAAAAAAAAAQAAAAEAAAABAAAAAgAAAAIAAAACAAAAAwAAAAMAAAADAAAABAAAAAQAAAAEAAAABQAAAAUAAAAFAAAABgAAAAYAAAAGAAAABwAAAAcAAAAHAAAACAAAAAgAAAAIAAAACQAAAAkAAAAJAAAACgAAAAoAAAAKAAAACwAAAAsAAAALAAAADQAAAA0AAAANAAAADgAAAA4AAAAOAAAA"},"shape":[42],"dtype":"int32","order":"little"}],["mz",{"type":"ndarray","array":{"type":"bytes","data":"prVpbD2F00CmtWlsPYXTQKa1aWw9hdNAeJlho32F00B4mWGjfYXTQHiZYaN9hdNASn1Z2r2F00BKfVnavYXTQEp9Wdq9hdNAXi9NEf6F00BeL00R/oXTQF4vTRH+hdNAMBNFSD6G00AwE0VIPobTQDATRUg+htNAAfc8f36G00AB9zx/fobTQAH3PH9+htNA09o0tr6G00DT2jS2vobTQNPaNLa+htNApb4s7f6G00Clvizt/obTQKW+LO3+htNAd6IkJD+H00B3oiQkP4fTQHeiJCQ/h9NAi1QYW3+H00CLVBhbf4fTQItUGFt/h9NAXDgQkr+H00BcOBCSv4fTQFw4EJK/h9NALhwIyf+H00AuHAjJ/4fTQC4cCMn/h9NA0uP3NoCI00DS4/c2gIjTQNLj9zaAiNNApMfvbcCI00Ckx+9twIjTQKTH723AiNNA"},"shape":[42],"dtype":"float64","order":"little"}],["intensity",{"type":"ndarray","array":{"type":"bytes","data":"AAAAAAAAAACN7bWg98bgPgAAAAAAAAAAAAAAAAAAAADFrYIY6NoXPwAAAAAAAAAAAAAAAAAAAADpX5LKFHNAPwAAAAAAAAAAAAAAAAAAAADmV3OAYI5ePwAAAAAAAAAAAAAAAAAAAABn8PeL2ZJ1PwAAAAAAAAAAAAAAAAAAAABavcPt0LCIPwAAAAAAAAAAAAAAAAAAAABy/bs+c9aXPwAAAAAAAAAAAAAAAAAAAAC+amXCL/WjPwAAAAAAAAAAAAAAAAAAAAA/c9anHJOtPwAAAAAAAAAAAAAAAAAAAADz5nCt9rCzPwAAAAAAAAAAAAAAAAAAAAC3nEtxVdm3PwAAAAAAAAAAAAAAAAAAAADB5EaRtYa6PwAAAAAAAAAAAAAAAAAAAAC5izBFuTS6PwAAAAAAAAAAAAAAAAAAAAALRbqfU5C3PwAAAAAAAAAA"},"shape":[42],"dtype":"float64","order":"little"}],["color",{"type":"ndarray","array":["black","black","black","black","black","black","black","black","black","black","black","black","black","black","black","black","black","black","black","black","black","black","black","black","black","black","black","black","black","black","black","black","black","black","black","black","black","black","black","black","black","black"],"shape":[42],"dtype":"object","order":"little"}]]}}},"view":{"type":"object","name":"CDSView","id":"p1439","attributes":{"filter":{"type":"object","name":"AllIndices","id":"p1440"}}},"glyph":{"type":"object","name":"Line","id":"p1435","attributes":{"x":{"type":"field","field":"mz"},"y":{"type":"field","field":"intensity"}}},"nonselection_glyph":{"type":"object","name":"Line","id":"p1436","attributes":{"x":{"type":"field","field":"mz"},"y":{"type":"field","field":"intensity"},"line_alpha":0.1}},"muted_glyph":{"type":"object","name":"Line","id":"p1437","attributes":{"x":{"type":"field","field":"mz"},"y":{"type":"field","field":"intensity"},"line_alpha":0.2}}}},{"type":"object","name":"GlyphRenderer","id":"p1450","attributes":{"data_source":{"type":"object","name":"ColumnDataSource","id":"p1441","attributes":{"selected":{"type":"object","name":"Selection","id":"p1442","attributes":{"indices":[],"line_indices":[]}},"selection_policy":{"type":"object","name":"UnionRenderers","id":"p1443"},"data":{"type":"map","entries":[["index",{"type":"ndarray","array":{"type":"bytes","data":"DAAAAAwAAAAMAAAA"},"shape":[3],"dtype":"int32","order":"little"}],["mz",{"type":"ndarray","array":{"type":"bytes","data":"AAAAAECI00AAAAAAQIjTQAAAAABAiNNA"},"shape":[3],"dtype":"float64","order":"little"}],["intensity",{"type":"ndarray","array":{"type":"bytes","data":"AAAAAAAAAAB4KuCe50+7PwAAAAAAAAAA"},"shape":[3],"dtype":"float64","order":"little"}],["color",{"type":"ndarray","array":["red","red","red"],"shape":[3],"dtype":"object","order":"little"}]]}}},"view":{"type":"object","name":"CDSView","id":"p1451","attributes":{"filter":{"type":"object","name":"AllIndices","id":"p1452"}}},"glyph":{"type":"object","name":"Line","id":"p1447","attributes":{"x":{"type":"field","field":"mz"},"y":{"type":"field","field":"intensity"},"line_color":"red"}},"nonselection_glyph":{"type":"object","name":"Line","id":"p1448","attributes":{"x":{"type":"field","field":"mz"},"y":{"type":"field","field":"intensity"},"line_color":"red","line_alpha":0.1}},"muted_glyph":{"type":"object","name":"Line","id":"p1449","attributes":{"x":{"type":"field","field":"mz"},"y":{"type":"field","field":"intensity"},"line_color":"red","line_alpha":0.2}}}}],"toolbar":{"type":"object","name":"Toolbar","id":"p1403","attributes":{"tools":[{"type":"object","name":"PanTool","id":"p1416"},{"type":"object","name":"WheelZoomTool","id":"p1417","attributes":{"renderers":"auto"}},{"type":"object","name":"BoxZoomTool","id":"p1418","attributes":{"overlay":{"type":"object","name":"BoxAnnotation","id":"p1419","attributes":{"syncable":false,"line_color":"black","line_alpha":1.0,"line_width":2,"line_dash":[4,4],"fill_color":"lightgrey","fill_alpha":0.5,"level":"overlay","visible":false,"left":{"type":"number","value":"nan"},"right":{"type":"number","value":"nan"},"top":{"type":"number","value":"nan"},"bottom":{"type":"number","value":"nan"},"left_units":"canvas","right_units":"canvas","top_units":"canvas","bottom_units":"canvas","handles":{"type":"object","name":"BoxInteractionHandles","id":"p1425","attributes":{"all":{"type":"object","name":"AreaVisuals","id":"p1424","attributes":{"fill_color":"white","hover_fill_color":"lightgray"}}}}}}}},{"type":"object","name":"SaveTool","id":"p1426"},{"type":"object","name":"ResetTool","id":"p1427"},{"type":"object","name":"HelpTool","id":"p1428"},{"type":"object","name":"HoverTool","id":"p1456","attributes":{"renderers":"auto","tooltips":[["m/z","@mz"],["intensity","@intensity"]]}}]}},"toolbar_location":"above","left":[{"type":"object","name":"LinearAxis","id":"p1411","attributes":{"ticker":{"type":"object","name":"BasicTicker","id":"p1412","attributes":{"mantissas":[1,2,5]}},"formatter":{"type":"object","name":"BasicTickFormatter","id":"p1413"},"axis_label":"Intensity","axis_label_text_font_size":"16pt","major_label_policy":{"type":"object","name":"AllLabels","id":"p1414"},"major_label_text_font_size":"14pt"}}],"right":[{"type":"object","name":"Legend","id":"p1453","attributes":{"title":"Trace","click_policy":"mute","label_text_font_size":"10pt","items":[{"type":"object","name":"LegendItem","id":"p1454","attributes":{"label":{"type":"value","value":"black"},"renderers":[{"id":"p1438"}]}},{"type":"object","name":"LegendItem","id":"p1455","attributes":{"label":{"type":"value","value":"red"},"renderers":[{"id":"p1450"}]}}]}}],"below":[{"type":"object","name":"LinearAxis","id":"p1406","attributes":{"ticker":{"type":"object","name":"BasicTicker","id":"p1407","attributes":{"mantissas":[1,2,5]}},"formatter":{"type":"object","name":"BasicTickFormatter","id":"p1408"},"axis_label":"mass-to-charge","axis_label_text_font_size":"16pt","major_label_policy":{"type":"object","name":"AllLabels","id":"p1409"},"major_label_text_font_size":"14pt"}}],"center":[{"type":"object","name":"Grid","id":"p1410","attributes":{"axis":{"id":"p1406"}}},{"type":"object","name":"Grid","id":"p1415","attributes":{"dimension":1,"axis":{"id":"p1411"}}},{"type":"object","name":"Span","id":"p1457","attributes":{"location":0,"line_color":"#EEEEEE","line_width":2}}],"min_border":0}}]}}
    </script>
    <script type="text/javascript">
      (function() {
        const fn = function() {
          Bokeh.safely(function() {
            (function(root) {
              function embed_document(root) {
              const docs_json = document.getElementById('c8bf30e6-457f-4010-a596-a293d246c23d').textContent;
              const render_items = [{"docid":"fb509994-098a-4a7c-b982-2d354345d218","roots":{"p1394":"dd3659b9-a7e1-4fa3-b8b6-218045147864"},"root_ids":["p1394"]}];
              root.Bokeh.embed.embed_items(docs_json, render_items);
              }
              if (root.Bokeh !== undefined) {
                embed_document(root);
              } else {
                let attempts = 0;
                const timer = setInterval(function(root) {
                  if (root.Bokeh !== undefined) {
                    clearInterval(timer);
                    embed_document(root);
                  } else {
                    attempts++;
                    if (attempts > 100) {
                      clearInterval(timer);
                      console.log("Bokeh: ERROR: Unable to run BokehJS code because BokehJS library is missing");
                    }
                  }
                }, 10, root)
              }
            })(window);
          });
        };
        if (document.readyState != "loading") fn();
        else document.addEventListener("DOMContentLoaded", fn);
      })();
    </script>
  </body>
</html>